// Jest Snapshot v1, https://goo.gl/fbAQLP

exports[`App component should render properly 1`] = `
ShallowWrapper {
  Symbol(enzyme.__root__): [Circular],
  Symbol(enzyme.__unrendered__): <App />,
  Symbol(enzyme.__renderer__): Object {
    "batchedUpdates": [Function],
    "getNode": [Function],
    "render": [Function],
    "simulateError": [Function],
    "simulateEvent": [Function],
    "unmount": [Function],
  },
  Symbol(enzyme.__node__): Object {
    "instance": null,
    "key": undefined,
    "nodeType": "host",
    "props": Object {
      "children": Array [
        <h1>
          Add Todos to List
        </h1>,
        <hr />,
        <div
          className="wrapper"
        >
          <input
            className="text-box"
            onChange={[Function]}
            type="text"
            value=""
          />
          <button
            className="add-todo"
            onClick={[Function]}
          >
            Add Todo
          </button>
        </div>,
        <h2>
          Todo Items:
        </h2>,
        <div
          className="todo-list"
        >
          <ul />
        </div>,
      ],
      "className": "app-class",
    },
    "ref": null,
    "rendered": Array [
      Object {
        "instance": null,
        "key": undefined,
        "nodeType": "host",
        "props": Object {
          "children": "Add Todos to List",
        },
        "ref": null,
        "rendered": "Add Todos to List",
        "type": "h1",
      },
      Object {
        "instance": null,
        "key": undefined,
        "nodeType": "host",
        "props": Object {},
        "ref": null,
        "rendered": null,
        "type": "hr",
      },
      Object {
        "instance": null,
        "key": undefined,
        "nodeType": "host",
        "props": Object {
          "children": Array [
            <input
              className="text-box"
              onChange={[Function]}
              type="text"
              value=""
            />,
            <button
              className="add-todo"
              onClick={[Function]}
            >
              Add Todo
            </button>,
          ],
          "className": "wrapper",
        },
        "ref": null,
        "rendered": Array [
          Object {
            "instance": null,
            "key": undefined,
            "nodeType": "host",
            "props": Object {
              "className": "text-box",
              "onChange": [Function],
              "type": "text",
              "value": "",
            },
            "ref": null,
            "rendered": null,
            "type": "input",
          },
          Object {
            "instance": null,
            "key": undefined,
            "nodeType": "host",
            "props": Object {
              "children": "Add Todo",
              "className": "add-todo",
              "onClick": [Function],
            },
            "ref": null,
            "rendered": "Add Todo",
            "type": "button",
          },
        ],
        "type": "div",
      },
      Object {
        "instance": null,
        "key": undefined,
        "nodeType": "host",
        "props": Object {
          "children": "Todo Items:",
        },
        "ref": null,
        "rendered": "Todo Items:",
        "type": "h2",
      },
      Object {
        "instance": null,
        "key": undefined,
        "nodeType": "host",
        "props": Object {
          "children": <ul />,
          "className": "todo-list",
        },
        "ref": null,
        "rendered": Object {
          "instance": null,
          "key": undefined,
          "nodeType": "host",
          "props": Object {
            "children": Array [],
          },
          "ref": null,
          "rendered": Array [],
          "type": "ul",
        },
        "type": "div",
      },
    ],
    "type": "div",
  },
  Symbol(enzyme.__nodes__): Array [
    Object {
      "instance": null,
      "key": undefined,
      "nodeType": "host",
      "props": Object {
        "children": Array [
          <h1>
            Add Todos to List
          </h1>,
          <hr />,
          <div
            className="wrapper"
          >
            <input
              className="text-box"
              onChange={[Function]}
              type="text"
              value=""
            />
            <button
              className="add-todo"
              onClick={[Function]}
            >
              Add Todo
            </button>
          </div>,
          <h2>
            Todo Items:
          </h2>,
          <div
            className="todo-list"
          >
            <ul />
          </div>,
        ],
        "className": "app-class",
      },
      "ref": null,
      "rendered": Array [
        Object {
          "instance": null,
          "key": undefined,
          "nodeType": "host",
          "props": Object {
            "children": "Add Todos to List",
          },
          "ref": null,
          "rendered": "Add Todos to List",
          "type": "h1",
        },
        Object {
          "instance": null,
          "key": undefined,
          "nodeType": "host",
          "props": Object {},
          "ref": null,
          "rendered": null,
          "type": "hr",
        },
        Object {
          "instance": null,
          "key": undefined,
          "nodeType": "host",
          "props": Object {
            "children": Array [
              <input
                className="text-box"
                onChange={[Function]}
                type="text"
                value=""
              />,
              <button
                className="add-todo"
                onClick={[Function]}
              >
                Add Todo
              </button>,
            ],
            "className": "wrapper",
          },
          "ref": null,
          "rendered": Array [
            Object {
              "instance": null,
              "key": undefined,
              "nodeType": "host",
              "props": Object {
                "className": "text-box",
                "onChange": [Function],
                "type": "text",
                "value": "",
              },
              "ref": null,
              "rendered": null,
              "type": "input",
            },
            Object {
              "instance": null,
              "key": undefined,
              "nodeType": "host",
              "props": Object {
                "children": "Add Todo",
                "className": "add-todo",
                "onClick": [Function],
              },
              "ref": null,
              "rendered": "Add Todo",
              "type": "button",
            },
          ],
          "type": "div",
        },
        Object {
          "instance": null,
          "key": undefined,
          "nodeType": "host",
          "props": Object {
            "children": "Todo Items:",
          },
          "ref": null,
          "rendered": "Todo Items:",
          "type": "h2",
        },
        Object {
          "instance": null,
          "key": undefined,
          "nodeType": "host",
          "props": Object {
            "children": <ul />,
            "className": "todo-list",
          },
          "ref": null,
          "rendered": Object {
            "instance": null,
            "key": undefined,
            "nodeType": "host",
            "props": Object {
              "children": Array [],
            },
            "ref": null,
            "rendered": Array [],
            "type": "ul",
          },
          "type": "div",
        },
      ],
      "type": "div",
    },
  ],
  Symbol(enzyme.__options__): Object {
    "adapter": ReactSixteenAdapter {
      "options": Object {
        "enableComponentDidUpdateOnSetState": true,
        "lifecycles": Object {
          "componentDidUpdate": Object {
            "onSetState": true,
          },
          "getDerivedStateFromProps": true,
          "getSnapshotBeforeUpdate": true,
          "setState": Object {
            "skipsComponentDidUpdateOnNullish": true,
          },
        },
      },
    },
  },
}
`;
